
 Start  Stop   Length Name               Class

 00000H 08AC6H 08AC7H _TEXT              CODE
 08AC7H 0A7CAH 01D04H CPU_TEXT           CODE
 0A7CBH 0AE06H 0063CH VDP_TEXT           CODE
 0AE07H 0B0A6H 002A0H BREAK_TEXT         CODE
 0B0A7H 0B254H 001AEH WATCH_TEXT         CODE
 0B255H 0B40BH 001B7H COND_TEXT          CODE
 0B40CH 0B538H 0012DH CRU_TEXT           CODE
 0B539H 0B743H 0020BH GROM_TEXT          CODE
 0B744H 0B744H 00000H COVER_TEXT         CODE
 0B744H 0C403H 00CC0H _TEXTC             CODE
 0C410H 0C410H 00000H _FARDATA           FAR_DATA
 0C410H 1699FH 0A590H CPU_DATA           FAR_DATA
 169A0H 1AA76H 040D7H VDP_DATA           FAR_DATA
 1AA78H 1AC82H 0020BH BREAK_DATA         FAR_DATA
 1AC84H 1AD8AH 00107H WATCH_DATA         FAR_DATA
 1AD8CH 1AE7BH 000F0H COND_DATA          FAR_DATA
 1AE7CH 1BECBH 01050H CRU_DATA           FAR_DATA
 1BECCH 27FB0H 0C0E5H GROM_DATA          FAR_DATA
 27FB2H 2CFB1H 05000H COVER_DATA         FAR_DATA
 2CFC0H 2CFCBH 0000CH STRINGS5_DATA      FAR_DATA
 2CFD0H 2CFD0H 00000H _FARBSS            FAR_BSS
 2CFD0H 2CFD0H 00000H _OVERLAY_          OVRINFO
 2CFD0H 2CFD0H 00000H _1STUB_            STUBSEG
 2CFD0H 2DA5FH 00A90H _DATA              DATA
 2DA60H 2DA61H 00002H _CVTSEG            DATA
 2DA62H 2DA67H 00006H _SCNSEG            DATA
 2DA68H 2DA68H 00000H _CONST             CONST
 2DA68H 2DA85H 0001EH _INIT_             INITDATA
 2DA86H 2DA86H 00000H _INITEND_          INITDATA
 2DA86H 2DA8BH 00006H _EXIT_             EXITDATA
 2DA8CH 2DA8CH 00000H _EXITEND_          EXITDATA
 2DA90H 2DB0FH 00080H _STACK             STACK

  Address         Publics by Name

 0000:031D       operator delete(void far*)
 0000:033A       operator delete[](void far*)
 0000:0948       operator new(unsigned int)
 0000:0913       set_new_handler(void(far*)())
 0000:1A40       set_terminate(void(far*)())
 0000:1B35       set_unexpected(void(far*)())
 0B74:0004       string::string(const string far&)
 0B74:00ED       string::string(const char far*)
 0B74:0303       string::~string()
 0B74:0383       string::assert_element(unsigned int) const
 0B74:0437       string::assert_index(unsigned int) const
 2CFC:0000       string::case_sensitive
 2CFC:000A       string::freeboard
 2CFC:0006       string::initial_capac
 0B74:0AE3       string::initial_capacity(unsigned int)
 0B74:0B4A       string::max_waste(unsigned int)
 2CFC:0002       string::paranoid_check
 2CFC:0008       string::resize_inc
 0B74:0B0D       string::resize_increment(unsigned int)
 0B74:0A65       string::set_case_sensitive(int)
 0B74:0A8F       string::set_paranoid_check(int)
 2CFC:0004       string::skip_white
 0B74:0AB9       string::skip_whitespace(int)
 0000:1A2F       terminate()
 0B74:059C       tstringref::tstringref(const char far*,unsigned int,const char far*,unsigned int,unsigned int)
 0B74:0686       tstringref::~tstringref()
 0B74:0763       tstringref::check_freeboard()
 0B74:07DA       tstringref::grow_to(unsigned int)
 0B74:06E6       tstringref::reserve(unsigned int)
 0B74:0845       tstringref::round_capacity(unsigned int)
 0B74:0895       tstringref::splice(unsigned int,unsigned int,const char far*,unsigned int)
 0B74:04EB       tsubstring::assert_element(unsigned int) const
 0000:4A08       typeidname(tpid far*)
 0000:75C9       type_info::operator =(const type_info far&)
 0000:7554       type_info::type_info(const type_info far&)
 0000:75D8       type_info::~type_info()
 0000:7613       type_info::operator ==(const type_info far&) const
 0000:7640       type_info::operator !=(const type_info far&) const
 0000:7668       type_info::before(const type_info far&) const
 0000:76E7       type_info::name() const
 0000:1B25       unexpected()
 0000:435E       xalloc::xalloc(const string far&,unsigned int)
 0000:43DE       xalloc::raise()
 0000:486E       xmsg::operator =(const xmsg far&)
 0000:46E4       xmsg::xmsg(const xmsg far&)
 0000:461F       xmsg::xmsg(const string far&)
 0000:4789       xmsg::~xmsg()
 0000:47F0       xmsg::raise()
 0000:08A7       xnew_handler()
 0000:603D       _catchcleanup()
 0000:58CC       _rethrowexception(unsigned int,unsigned char far*)
 0000:586C       _throwexception(void far*,void far*,void far*,void far*,unsigned int,unsigned int,unsigned int,unsigned char far*)
 0000:79DF       __dynamiccast(void far*,void far*,void far*,void far*,int)
 0000:1BC8       __getpolymorphicdtc(void far*,unsigned int)
 0000:1C23       __getpolymorphicdtcfar(void far*,unsigned int)
 0000:7708       __gettypeinfo(void far*,void far*,void far*,void far*)
 0000:49AF       __set_debugger_callbacks(int,void(far*)(char far*,unsigned long),void(far*)(unsigned long),void(far*)(void far*),void(far*)(unsigned long),void(far*)(unsigned long))
 0000:7542       __throwexceptionname()
 0000:7522       __throwfilename()
 0000:7534       __throwlinenumber()
 2CFD:0000       DATASEG@
 0000:0260       DGROUP@
 0000:04EC       F_LDIV@
 0000:04FB       F_LMOD@
 0000:04F3       F_LUDIV@
 0000:0503       F_LUMOD@
 0000:059A       F_LXLSH@
 0000:05BB       F_LXRSH@
 0000:05DB       F_LXURSH@
 0000:05FC       F_PADD@
 0000:062B       F_PSUB@
 0000:04EC       LDIV@
 0000:04FB       LMOD@
 0000:04F3       LUDIV@
 0000:0503       LUMOD@
 0000:059A       LXLSH@
 0000:05BB       LXRSH@
 0000:05DB       LXURSH@
 0000:04E9       N_LDIV@
 0000:04F8       N_LMOD@
 0000:04F0       N_LUDIV@
 0000:0500       N_LUMOD@
 0000:0597       N_LXLSH@
 0000:0B95       N_LXMUL@
 0000:05B8       N_LXRSH@
 0000:05D8       N_LXURSH@
 0000:05F9       N_PADD@
 0000:0BAC       N_PCMP@
 0000:0628       N_PSUB@
 0000:05FC       PADD@
 0000:062B       PSUB@
 0000:02CA       _abort
 0000:02E5       _atexit
 1AA7:0008       _bp
 0AE0:0007       _breakPointAdd
 0AE0:019A       _breakPointCondition
 0AE0:024C       _breakPointHit
 0AE0:008E       _breakPointList
 0AE0:010C       _breakPointRemove
 1AD8:000C       _c
 0000:28C3       _close
 0B25:0005       _conditionAdd
 0B25:009E       _conditionList
 0B25:00EC       _conditionRemove
 0B25:018A       _conditionTrue
 27FB:0002       _covered
 0000:7D5C       _cprintf
 08AC:006D       _cpuRead
 1AE7:000C       _cru
 0B40:0062       _cruBitGet
 0B40:0021       _cruBitSet
 0B40:00EE       _cruMultiBitGet
 0B40:00B0       _cruMultiBitSet
 0000:2949       _eof
 2CFD:0078       _errno
 0000:0453       _exit
 0000:1E5B       _farfree
 0000:1F6F       _farmalloc
 0000:20D3       _farrealloc
 0000:29D8       _fclose
 0000:2A9F       _fflush
 0000:338C       _fgetc
 0000:348C       _fgetchar
 0000:2B77       _fgets
 0000:2C18       _flushall
 0000:2E80       _fopen
 0000:3948       _fputc
 0000:3AE0       _fputchar
 0000:2EC0       _fputs
 0000:303E       _fread
 0000:1E5B       _free
 0000:3122       _fseek
 0000:31AB       _ftell
 0000:7F7C       _getch
 0000:7FAB       _getche
 0000:8025       _gettext
 0000:04BA       _getvect
 1BEC:000C       _gRom
 0B53:0095       _gromGetAddr
 0B53:0009       _gromIntegrity
 0B53:0028       _gromRead
 0B53:005B       _gromSetAddr
 08AC:003F       _halt
 0000:232C       _int86
 0000:2368       _int86x
 0000:2409       _ioctl
 0000:06C5       _isatty
 0000:80FB       _kbhit
 0B53:0128       _loadGRom
 0000:0787       _lseek
 08AC:1C78       _main
 0000:1F65       _malloc
 0000:34A6       _memcmp
 0000:34D5       _memcpy
 0000:35A2       _memmove
 0000:3522       _memset
 0000:8118       _movetext
 0000:354B       _movmem
 08AC:0007       _mprintf
 0000:360A       _open
 0C41:A01E       _outputCovered
 0C41:A01C       _outputLevel
 0000:3845       _perror
 0000:38F8       _printf
 0000:81C7       _putch
 0000:8090       _puttext
 0000:27FD       _raise
 0000:5A5C       _RaiseException
 0000:20CC       _realloc
 0000:1304       _segread
 0000:8708       _setblock
 0000:34FC       _setmem
 0000:3E0D       _setvbuf
 0000:04CD       _setvect
 08AC:1687       _showCPUStatus
 0B53:00C6       _showGromStatus
 08AC:1702       _showScratchPad
 0000:26BB       _signal
 0000:3F88       _sprintf
 0000:401A       _sscanf
 0000:4077       _strcat
 0000:40BB       _strcmp
 0000:40EE       _strcpy
 0000:411C       _strlen
 0C41:0016       _tms9900
 0000:7FEA       _ungetch
 0000:1428       _unlink
 169A:0006       _vdp
 0A7C:01F3       _vdpInitGraphics
 0A7C:0049       _vdpReadData
 0A7C:007E       _vdpReadStatus
 0A7C:058E       _vdpRefresh
 0A7C:0130       _vdpWriteCommand
 0A7C:0096       _vdpWriteData
 0000:413D       _vprintf
 0000:3FB5       _vsprintf
 0000:4048       _vsscanf
 1AC8:0004       _w
 0B0A:0007       _watchAdd
 0B0A:008E       _watchList
 0B0A:00D4       _watchRemove
 0B0A:0162       _watchShow
 0000:8744       _wherex
 0000:8764       _wherey
 2CFD:069C       __8086
 0000:0264       __abort
 0000:1000  Abs  __AHINCR
 0000:000C  Abs  __AHSHIFT
 2CFD:0A26       __argc
 2CFD:0A28       __argv
 2CFD:00A8       __atexitcnt
 2CFD:00AA       __atexittbl
 0000:2214       __brk
 2CFD:0080       __brklvl
 2CFD:0064       __C0argc
 2CFD:0066       __C0argv
 0000:7E63       __c0crtinit
 2CFD:006A       __C0environ
 2CFD:0A25       __cChar
 0000:048A       __cexit
 2CFD:0A24       __cFlag
 0000:0147       __checknull
 0000:0134       __cleanup
 0000:2931       __close
 0000:7BD3       __CPUTN
 0000:7E8B       __crtinit
 2CFD:0404       __ctype
 0000:74C6       __CurrExcContext
 0000:0000  Abs  __cvtfak
 0000:04A3       __c_exit
 2CFD:0570       __DestructorCountPtr
 2CFD:09E9       __directvideo
 2CFD:02F4       __doserrno
 0000:06AA       __DOSERROR
 2CFD:02F6       __dosErrorToSV
 0000:0357       __dos_getfileattr
 0000:0382       __dos_setfileattr
 2CFD:006E       __envLng
 2CFD:0070       __envseg
 2CFD:0072       __envSize
 0000:1C7B       __ExceptInit
 0000:6761       __ExceptionHandler
 2CFD:007A       __Exception_list
 0000:046D       __exit
 2CFD:012A       __exitbuf
 2CFD:012E       __exitfopen
 2CFD:0132       __exitopen
 0000:3369       __fgetc
 2CFD:02F0       __fmode
 0000:3921       __fputc
 0000:3B02       __FPUTN
 0000:2E2D       __GETFP
 0000:5A09       __Global_unwind
 2CFD:007C       __heapbase
 2CFD:0084       __heaptop
 2CFD:0054       __Int0Vector
 2CFD:0058       __Int4Vector
 2CFD:005C       __Int5Vector
 2CFD:0060       __Int6Vector
 0000:0659       __IOERROR
 0000:6676       __Local_unwind
 0000:06DA       __LONGTOA
 0000:07C1       __MKNAME
 0000:0262       __MMODEL
 2CFD:036C       __new_handler
 0000:3389       __Nfgetc
 2CFD:02C6       __nfile
 0000:7FA8       __Ngetche
 2CFD:02F2       __notUmask
 0000:7FE7       __Nungetch
 0000:3825       __open
 2CFD:02C8       __openfd
 0000:2D54       __OPENFP
 2CFD:0076       __osmajor
 2CFD:0077       __osminor
 2CFD:0076       __osversion
 2CFD:0074       __psp
 0000:0BCD       __read
 0000:81E7       __REALCVT
 2CFD:0A90       __RealCvtVector
 0000:01A9       __restorezero
 0000:669D       __Return_unwind
 0000:289B       __rtl_chmod
 0000:2902       __rtl_close
 0000:37C3       __rtl_open
 0000:42E9       __rtl_write
 0000:226A       __sbrk
 0000:0C0C       __scanner
 0000:8205       __scanpop
 0000:81FB       __scanrslt
 0000:81F1       __scantod
 2CFD:0A92       __ScanTodVector
 0000:1156       __scantol
 0000:837F       __SCREENIO
 0000:8461       __SCROLL
 0000:0000  Abs  __setargv__
 0000:1330       __setupio
 2CFD:0402       __stklen
 0000:0286       __stpcpy
 2CFD:0136       __streams
 2CFD:06D2       __sys_errlist
 2CFD:0792       __sys_nerr
 0000:0148       __terminate
 0000:0829       __TMPNAM
 0000:0000  Abs  __turboCrt
 0000:075C       __UTOA
 0000:83D0       __VALIDATEXY
 2CFD:0076       __version
 2CFD:09DA       __video
 0000:7DCB       __VideoInt
 0000:1463       __VPRINTER
 0000:191B       __VPTR
 0000:194E       __VRAM
 0000:872F       __wherexy
 0000:433B       __write
 2CFD:056E       __wscroll
 0000:4563       __xfclose
 0000:45B3       __xfflush
 0000:1AB4       ___call_terminate
 0000:1B7F       ___call_unexpected
 2CFD:0674       ___CPPexceptionList
 0000:03AA       ___ErrorMessage
 2CFD:0678       ___exceptFlags
 2CFD:0574       ___exceptionNameBuff
 2CFD:0698       ___exceptMemAllocVars
 2CFD:0694       ___exceptStaticBuffP
 2CFD:05F4       ___ExceptStaticXbuff
 0000:1D1B       ___first
 0000:19D5       ___InitExceptBlock
 0000:49A3       ___JumpToCatch__
 0000:1D1D       ___last
 0000:3D20       ___read
 0000:1D1F       ___rover
 2CFD:067A       ___savedDS
 2CFD:067C       ___savedSI
 2CFD:03FE       ___SignalPtr
 2CFD:067E       ___terminatePTR
 2CFD:0686       ___terminate_DS
 2CFD:0690       ___throwExceptionName
 2CFD:068A       ___throwFileName
 2CFD:068E       ___throwLineNumber
 2CFD:0682       ___unexpectdPTR
 2CFD:0688       ___unexpectd_DS
 0000:4165       ___write
 2CFD:0366       ___xalloc

  Address         Publics by Value

 0000:0000  Abs  __setargv__
 0000:0000  Abs  __turboCrt
 0000:0000  Abs  __cvtfak
 0000:000C  Abs  __AHSHIFT
 0000:1000  Abs  __AHINCR
 0000:0134       __cleanup
 0000:0147       __checknull
 0000:0148       __terminate
 0000:01A9       __restorezero
 0000:0260       DGROUP@
 0000:0262       __MMODEL
 0000:0264       __abort
 0000:0286       __stpcpy
 0000:02CA       _abort
 0000:02E5       _atexit
 0000:031D       operator delete(void far*)
 0000:033A       operator delete[](void far*)
 0000:0357       __dos_getfileattr
 0000:0382       __dos_setfileattr
 0000:03AA       ___ErrorMessage
 0000:0453       _exit
 0000:046D       __exit
 0000:048A       __cexit
 0000:04A3       __c_exit
 0000:04BA       _getvect
 0000:04CD       _setvect
 0000:04E9       N_LDIV@
 0000:04EC       LDIV@
 0000:04EC       F_LDIV@
 0000:04F0       N_LUDIV@
 0000:04F3       F_LUDIV@
 0000:04F3       LUDIV@
 0000:04F8       N_LMOD@
 0000:04FB       F_LMOD@
 0000:04FB       LMOD@
 0000:0500       N_LUMOD@
 0000:0503       LUMOD@
 0000:0503       F_LUMOD@
 0000:0597       N_LXLSH@
 0000:059A       F_LXLSH@
 0000:059A       LXLSH@
 0000:05B8       N_LXRSH@
 0000:05BB       F_LXRSH@
 0000:05BB       LXRSH@
 0000:05D8       N_LXURSH@
 0000:05DB       F_LXURSH@
 0000:05DB       LXURSH@
 0000:05F9       N_PADD@
 0000:05FC       F_PADD@
 0000:05FC       PADD@
 0000:0628       N_PSUB@
 0000:062B       F_PSUB@
 0000:062B       PSUB@
 0000:0659       __IOERROR
 0000:06AA       __DOSERROR
 0000:06C5       _isatty
 0000:06DA       __LONGTOA
 0000:075C       __UTOA
 0000:0787       _lseek
 0000:07C1       __MKNAME
 0000:0829       __TMPNAM
 0000:08A7       xnew_handler()
 0000:0913       set_new_handler(void(far*)())
 0000:0948       operator new(unsigned int)
 0000:0B95       N_LXMUL@
 0000:0BAC       N_PCMP@
 0000:0BCD       __read
 0000:0C0C       __scanner
 0000:1156       __scantol
 0000:1304       _segread
 0000:1330       __setupio
 0000:1428       _unlink
 0000:1463       __VPRINTER
 0000:191B       __VPTR
 0000:194E       __VRAM
 0000:19D5       ___InitExceptBlock
 0000:1A2F       terminate()
 0000:1A40       set_terminate(void(far*)())
 0000:1AB4       ___call_terminate
 0000:1B25       unexpected()
 0000:1B35       set_unexpected(void(far*)())
 0000:1B7F       ___call_unexpected
 0000:1BC8       __getpolymorphicdtc(void far*,unsigned int)
 0000:1C23       __getpolymorphicdtcfar(void far*,unsigned int)
 0000:1C7B       __ExceptInit
 0000:1D1B       ___first
 0000:1D1D       ___last
 0000:1D1F       ___rover
 0000:1E5B       _free
 0000:1E5B       _farfree
 0000:1F65       _malloc
 0000:1F6F       _farmalloc
 0000:20CC       _realloc
 0000:20D3       _farrealloc
 0000:2214       __brk
 0000:226A       __sbrk
 0000:232C       _int86
 0000:2368       _int86x
 0000:2409       _ioctl
 0000:26BB       _signal
 0000:27FD       _raise
 0000:289B       __rtl_chmod
 0000:28C3       _close
 0000:2902       __rtl_close
 0000:2931       __close
 0000:2949       _eof
 0000:29D8       _fclose
 0000:2A9F       _fflush
 0000:2B77       _fgets
 0000:2C18       _flushall
 0000:2D54       __OPENFP
 0000:2E2D       __GETFP
 0000:2E80       _fopen
 0000:2EC0       _fputs
 0000:303E       _fread
 0000:3122       _fseek
 0000:31AB       _ftell
 0000:3369       __fgetc
 0000:3389       __Nfgetc
 0000:338C       _fgetc
 0000:348C       _fgetchar
 0000:34A6       _memcmp
 0000:34D5       _memcpy
 0000:34FC       _setmem
 0000:3522       _memset
 0000:354B       _movmem
 0000:35A2       _memmove
 0000:360A       _open
 0000:37C3       __rtl_open
 0000:3825       __open
 0000:3845       _perror
 0000:38F8       _printf
 0000:3921       __fputc
 0000:3948       _fputc
 0000:3AE0       _fputchar
 0000:3B02       __FPUTN
 0000:3D20       ___read
 0000:3E0D       _setvbuf
 0000:3F88       _sprintf
 0000:3FB5       _vsprintf
 0000:401A       _sscanf
 0000:4048       _vsscanf
 0000:4077       _strcat
 0000:40BB       _strcmp
 0000:40EE       _strcpy
 0000:411C       _strlen
 0000:413D       _vprintf
 0000:4165       ___write
 0000:42E9       __rtl_write
 0000:433B       __write
 0000:435E       xalloc::xalloc(const string far&,unsigned int)
 0000:43DE       xalloc::raise()
 0000:4563       __xfclose
 0000:45B3       __xfflush
 0000:461F       xmsg::xmsg(const string far&)
 0000:46E4       xmsg::xmsg(const xmsg far&)
 0000:4789       xmsg::~xmsg()
 0000:47F0       xmsg::raise()
 0000:486E       xmsg::operator =(const xmsg far&)
 0000:49A3       ___JumpToCatch__
 0000:49AF       __set_debugger_callbacks(int,void(far*)(char far*,unsigned long),void(far*)(unsigned long),void(far*)(void far*),void(far*)(unsigned long),void(far*)(unsigned long))
 0000:4A08       typeidname(tpid far*)
 0000:586C       _throwexception(void far*,void far*,void far*,void far*,unsigned int,unsigned int,unsigned int,unsigned char far*)
 0000:58CC       _rethrowexception(unsigned int,unsigned char far*)
 0000:5A09       __Global_unwind
 0000:5A5C       _RaiseException
 0000:603D       _catchcleanup()
 0000:6676       __Local_unwind
 0000:669D       __Return_unwind
 0000:6761       __ExceptionHandler
 0000:74C6       __CurrExcContext
 0000:7522       __throwfilename()
 0000:7534       __throwlinenumber()
 0000:7542       __throwexceptionname()
 0000:7554       type_info::type_info(const type_info far&)
 0000:75C9       type_info::operator =(const type_info far&)
 0000:75D8       type_info::~type_info()
 0000:7613       type_info::operator ==(const type_info far&) const
 0000:7640       type_info::operator !=(const type_info far&) const
 0000:7668       type_info::before(const type_info far&) const
 0000:76E7       type_info::name() const
 0000:7708       __gettypeinfo(void far*,void far*,void far*,void far*)
 0000:79DF       __dynamiccast(void far*,void far*,void far*,void far*,int)
 0000:7BD3       __CPUTN
 0000:7D5C       _cprintf
 0000:7DCB       __VideoInt
 0000:7E63       __c0crtinit
 0000:7E8B       __crtinit
 0000:7F7C       _getch
 0000:7FA8       __Ngetche
 0000:7FAB       _getche
 0000:7FE7       __Nungetch
 0000:7FEA       _ungetch
 0000:8025       _gettext
 0000:8090       _puttext
 0000:80FB       _kbhit
 0000:8118       _movetext
 0000:81C7       _putch
 0000:81E7       __REALCVT
 0000:81F1       __scantod
 0000:81FB       __scanrslt
 0000:8205       __scanpop
 0000:837F       __SCREENIO
 0000:83D0       __VALIDATEXY
 0000:8461       __SCROLL
 0000:8708       _setblock
 0000:872F       __wherexy
 0000:8744       _wherex
 0000:8764       _wherey
 08AC:0007       _mprintf
 08AC:003F       _halt
 08AC:006D       _cpuRead
 08AC:1687       _showCPUStatus
 08AC:1702       _showScratchPad
 08AC:1C78       _main
 0A7C:0049       _vdpReadData
 0A7C:007E       _vdpReadStatus
 0A7C:0096       _vdpWriteData
 0A7C:0130       _vdpWriteCommand
 0A7C:01F3       _vdpInitGraphics
 0A7C:058E       _vdpRefresh
 0AE0:0007       _breakPointAdd
 0AE0:008E       _breakPointList
 0AE0:010C       _breakPointRemove
 0AE0:019A       _breakPointCondition
 0AE0:024C       _breakPointHit
 0B0A:0007       _watchAdd
 0B0A:008E       _watchList
 0B0A:00D4       _watchRemove
 0B0A:0162       _watchShow
 0B25:0005       _conditionAdd
 0B25:009E       _conditionList
 0B25:00EC       _conditionRemove
 0B25:018A       _conditionTrue
 0B40:0021       _cruBitSet
 0B40:0062       _cruBitGet
 0B40:00B0       _cruMultiBitSet
 0B40:00EE       _cruMultiBitGet
 0B53:0009       _gromIntegrity
 0B53:0028       _gromRead
 0B53:005B       _gromSetAddr
 0B53:0095       _gromGetAddr
 0B53:00C6       _showGromStatus
 0B53:0128       _loadGRom
 0B74:0004       string::string(const string far&)
 0B74:00ED       string::string(const char far*)
 0B74:0303       string::~string()
 0B74:0383       string::assert_element(unsigned int) const
 0B74:0437       string::assert_index(unsigned int) const
 0B74:04EB       tsubstring::assert_element(unsigned int) const
 0B74:059C       tstringref::tstringref(const char far*,unsigned int,const char far*,unsigned int,unsigned int)
 0B74:0686       tstringref::~tstringref()
 0B74:06E6       tstringref::reserve(unsigned int)
 0B74:0763       tstringref::check_freeboard()
 0B74:07DA       tstringref::grow_to(unsigned int)
 0B74:0845       tstringref::round_capacity(unsigned int)
 0B74:0895       tstringref::splice(unsigned int,unsigned int,const char far*,unsigned int)
 0B74:0A65       string::set_case_sensitive(int)
 0B74:0A8F       string::set_paranoid_check(int)
 0B74:0AB9       string::skip_whitespace(int)
 0B74:0AE3       string::initial_capacity(unsigned int)
 0B74:0B0D       string::resize_increment(unsigned int)
 0B74:0B4A       string::max_waste(unsigned int)
 0C41:0016       _tms9900
 0C41:A01C       _outputLevel
 0C41:A01E       _outputCovered
 169A:0006       _vdp
 1AA7:0008       _bp
 1AC8:0004       _w
 1AD8:000C       _c
 1AE7:000C       _cru
 1BEC:000C       _gRom
 27FB:0002       _covered
 2CFC:0000       string::case_sensitive
 2CFC:0002       string::paranoid_check
 2CFC:0004       string::skip_white
 2CFC:0006       string::initial_capac
 2CFC:0008       string::resize_inc
 2CFC:000A       string::freeboard
 2CFD:0000       DATASEG@
 2CFD:0054       __Int0Vector
 2CFD:0058       __Int4Vector
 2CFD:005C       __Int5Vector
 2CFD:0060       __Int6Vector
 2CFD:0064       __C0argc
 2CFD:0066       __C0argv
 2CFD:006A       __C0environ
 2CFD:006E       __envLng
 2CFD:0070       __envseg
 2CFD:0072       __envSize
 2CFD:0074       __psp
 2CFD:0076       __osversion
 2CFD:0076       __osmajor
 2CFD:0076       __version
 2CFD:0077       __osminor
 2CFD:0078       _errno
 2CFD:007A       __Exception_list
 2CFD:007C       __heapbase
 2CFD:0080       __brklvl
 2CFD:0084       __heaptop
 2CFD:00A8       __atexitcnt
 2CFD:00AA       __atexittbl
 2CFD:012A       __exitbuf
 2CFD:012E       __exitfopen
 2CFD:0132       __exitopen
 2CFD:0136       __streams
 2CFD:02C6       __nfile
 2CFD:02C8       __openfd
 2CFD:02F0       __fmode
 2CFD:02F2       __notUmask
 2CFD:02F4       __doserrno
 2CFD:02F6       __dosErrorToSV
 2CFD:0366       ___xalloc
 2CFD:036C       __new_handler
 2CFD:03FE       ___SignalPtr
 2CFD:0402       __stklen
 2CFD:0404       __ctype
 2CFD:056E       __wscroll
 2CFD:0570       __DestructorCountPtr
 2CFD:0574       ___exceptionNameBuff
 2CFD:05F4       ___ExceptStaticXbuff
 2CFD:0674       ___CPPexceptionList
 2CFD:0678       ___exceptFlags
 2CFD:067A       ___savedDS
 2CFD:067C       ___savedSI
 2CFD:067E       ___terminatePTR
 2CFD:0682       ___unexpectdPTR
 2CFD:0686       ___terminate_DS
 2CFD:0688       ___unexpectd_DS
 2CFD:068A       ___throwFileName
 2CFD:068E       ___throwLineNumber
 2CFD:0690       ___throwExceptionName
 2CFD:0694       ___exceptStaticBuffP
 2CFD:0698       ___exceptMemAllocVars
 2CFD:069C       __8086
 2CFD:06D2       __sys_errlist
 2CFD:0792       __sys_nerr
 2CFD:09DA       __video
 2CFD:09E9       __directvideo
 2CFD:0A24       __cFlag
 2CFD:0A25       __cChar
 2CFD:0A26       __argc
 2CFD:0A28       __argv
 2CFD:0A90       __RealCvtVector
 2CFD:0A92       __ScanTodVector

Program entry point at 0000:0000

